// Jest Snapshot v1, https://goo.gl/fbAQLP

exports[`PokemonPage Component debe de hacer match con el snapshot cuando cargan los pokemons. 1`] = `
<div>
  <h1>¿Quién es este PokéMon?</h1>
  <div class="pokemon-container"><img src="https://raw.githubusercontent.com/PokeAPI/sprites/master/sprites/pokemon/other/dream-world/1.svg" class="hidden-pokemon" alt="pokemon"></div>
  <div class="options-container">
    <ul>
      <li>bulbasaur</li>
      <li>ivysaur</li>
      <li>venusaur</li>
      <li>charmander</li>
    </ul>
  </div>
  <!--v-if-->
</div>
`;

exports[`PokemonPage Component debe de hacer match con el snapshot. 1`] = `<h1>Espere por favor .... </h1>`;
